Using pre-set license
Built from '2020.2/release' branch; Version is '2020.2.4f1 (becced5a802b) revision 12504301'; Using compiler version '192528614'; Build Type 'Release'
OS: 'Windows 10 Pro; OS build 19045.6466; Version 2009; 64bit' Language: 'es' Physical Memory: 16047 MB
BatchMode: 1, IsHumanControllingUs: 0, StartBugReporterOnCrash: 0, Is64bit: 1, IsPro: 0

 COMMAND LINE ARGUMENTS:
C:\Program Files\Unity\Hub\Editor\2020.2.4f1\Editor\Unity.exe
-adb2
-batchMode
-noUpm
-name
AssetImportWorker0
-projectPath
C:/Users/EQTMCS-1353/Desktop/Nodulus/nodulus
-logFile
Logs/AssetImportWorker0.log
-srvPort
64937
Successfully changed project path to: C:/Users/EQTMCS-1353/Desktop/Nodulus/nodulus
C:/Users/EQTMCS-1353/Desktop/Nodulus/nodulus
Using Asset Import Pipeline V2.
Refreshing native plugins compatible for Editor in 62.53 ms, found 0 plugins.
Preloading 0 native plugins for Editor in 0.00 ms.
Initialize engine version: 2020.2.4f1 (becced5a802b)
[Subsystems] Discovering subsystems at path C:/Program Files/Unity/Hub/Editor/2020.2.4f1/Editor/Data/Resources/UnitySubsystems
[Subsystems] Discovering subsystems at path C:/Users/EQTMCS-1353/Desktop/Nodulus/nodulus/Assets
GfxDevice: creating device client; threaded=0
Direct3D:
    Version:  Direct3D 11.0 [level 11.1]
    Renderer: NVIDIA T600 Laptop GPU (ID=0x1fba)
    Vendor:   
    VRAM:     3938 MB
    Driver:   32.0.15.9595
Initialize mono
Mono path[0] = 'C:/Program Files/Unity/Hub/Editor/2020.2.4f1/Editor/Data/Managed'
Mono path[1] = 'C:/Program Files/Unity/Hub/Editor/2020.2.4f1/Editor/Data/MonoBleedingEdge/lib/mono/unityjit'
Mono config path = 'C:/Program Files/Unity/Hub/Editor/2020.2.4f1/Editor/Data/MonoBleedingEdge/etc'
Using monoOptions --debugger-agent=transport=dt_socket,embedding=1,server=y,suspend=n,address=127.0.0.1:56424
Begin MonoManager ReloadAssembly
Registering precompiled unity dll's ...
Register platform support module: C:/Program Files/Unity/Hub/Editor/2020.2.4f1/Editor/Data/PlaybackEngines/WindowsStandaloneSupport/UnityEditor.WindowsStandalone.Extensions.dll
Registered in 0.001093 seconds.
Native extension for WindowsStandalone target not found
Refreshing native plugins compatible for Editor in 37.03 ms, found 0 plugins.
Preloading 0 native plugins for Editor in 0.00 ms.
Invoked RoslynAnalysisRunner static constructor.
RoslynAnalysisRunner will not be running.
RoslynAnalysisRunner has terminated.
Mono: successfully reloaded assembly
- Completed reload, in  0.756 seconds
Platform modules already initialized, skipping
Registering precompiled user dll's ...
Registered in 0.002329 seconds.
Begin MonoManager ReloadAssembly
Native extension for WindowsStandalone target not found
Refreshing native plugins compatible for Editor in 0.39 ms, found 0 plugins.
Preloading 0 native plugins for Editor in 0.00 ms.
Invoked RoslynAnalysisRunner static constructor.
RoslynAnalysisRunner will not be running.
RoslynAnalysisRunner has terminated.
Mono: successfully reloaded assembly
- Completed reload, in  0.674 seconds
Platform modules already initialized, skipping
========================================================================
Worker process is ready to serve import requests
Launched and connected shader compiler UnityShaderCompiler.exe after 0.03 seconds
Refreshing native plugins compatible for Editor in 0.43 ms, found 0 plugins.
Preloading 0 native plugins for Editor in 0.00 ms.
Unloading 1892 Unused Serialized files (Serialized files now loaded: 0)
System memory in use before: 84.6 MB.
System memory in use after: 84.7 MB.

Unloading 37 unused Assets to reduce memory usage. Loaded Objects now: 2318.
Total: 2.037600 ms (FindLiveObjects: 0.247100 ms CreateObjectMapping: 0.034100 ms MarkObjects: 1.674600 ms  DeleteObjects: 0.080300 ms)

========================================================================
Received Import Request.
  path: Assets/_Scenes
  artifactKey: Guid(f842dbd2420ec064fbd16009d6d49d55) Importer(815301076,1909f56bfc062723c751e8b465ee728b)
Start importing Assets/_Scenes using Guid(f842dbd2420ec064fbd16009d6d49d55) Importer(815301076,1909f56bfc062723c751e8b465ee728b)  -> (artifact id: 'f29f41e237973cbc828e069c01298a39') in 0.012035 seconds
  Import took 0.014978 seconds .

========================================================================
Received Import Request.
  Time since last request: 0.000298 seconds.
  path: Assets/_Scenes/Blank.unity
  artifactKey: Guid(736ba54c5e83df24a8425ad39535c371) Importer(815301076,1909f56bfc062723c751e8b465ee728b)
Start importing Assets/_Scenes/Blank.unity using Guid(736ba54c5e83df24a8425ad39535c371) Importer(815301076,1909f56bfc062723c751e8b465ee728b)  -> (artifact id: '94958d9dbb95418cccad497715df0c1b') in 0.017336 seconds
  Import took 0.020790 seconds .

========================================================================
Received Import Request.
  Time since last request: 6.233066 seconds.
  path: Assets/_Scenes/Logo.unity
  artifactKey: Guid(5b9eb3538d8108f44a420a0b498263be) Importer(815301076,1909f56bfc062723c751e8b465ee728b)
Start importing Assets/_Scenes/Logo.unity using Guid(5b9eb3538d8108f44a420a0b498263be) Importer(815301076,1909f56bfc062723c751e8b465ee728b)  -> (artifact id: 'cce3108528d2418c4a1072a7943d068f') in 0.012149 seconds
  Import took 0.014741 seconds .

========================================================================
Received Import Request.
  Time since last request: 0.970568 seconds.
  path: Assets/_Scenes/NodulusGame.unity
  artifactKey: Guid(7100d625d5becc142b514703766c9e59) Importer(815301076,1909f56bfc062723c751e8b465ee728b)
Start importing Assets/_Scenes/NodulusGame.unity using Guid(7100d625d5becc142b514703766c9e59) Importer(815301076,1909f56bfc062723c751e8b465ee728b)  -> (artifact id: 'ca9a0c084e206630fed0639412390b2e') in 0.006730 seconds
  Import took 0.009700 seconds .

========================================================================
Received Prepare
Registering precompiled user dll's ...
Registered in 0.003324 seconds.
Begin MonoManager ReloadAssembly
Native extension for WindowsStandalone target not found
Refreshing native plugins compatible for Editor in 0.41 ms, found 0 plugins.
Preloading 0 native plugins for Editor in 0.00 ms.
Invoked RoslynAnalysisRunner static constructor.
RoslynAnalysisRunner will not be running.
RoslynAnalysisRunner has terminated.
Mono: successfully reloaded assembly
- Completed reload, in  0.631 seconds
Platform modules already initialized, skipping
Refreshing native plugins compatible for Editor in 0.68 ms, found 0 plugins.
Preloading 0 native plugins for Editor in 0.00 ms.
Unloading 1861 Unused Serialized files (Serialized files now loaded: 0)
System memory in use before: 82.4 MB.
System memory in use after: 82.5 MB.

Unloading 28 unused Assets to reduce memory usage. Loaded Objects now: 2320.
Total: 1.364300 ms (FindLiveObjects: 0.135800 ms CreateObjectMapping: 0.029300 ms MarkObjects: 1.174400 ms  DeleteObjects: 0.024000 ms)

========================================================================
Received Import Request.
  Time since last request: 312.351853 seconds.
  path: Assets/Gizmos/greenPoint.png
  artifactKey: Guid(b4b48a368ff3f41679810429e9f90886) Importer(815301076,1909f56bfc062723c751e8b465ee728b)
Start importing Assets/Gizmos/greenPoint.png using Guid(b4b48a368ff3f41679810429e9f90886) Importer(815301076,1909f56bfc062723c751e8b465ee728b)  -> (artifact id: '1fae3ad79fce229cba9776d68b5442b2') in 0.094634 seconds
  Import took 0.098600 seconds .

========================================================================
Received Import Request.
  Time since last request: 0.000333 seconds.
  path: Assets/Gizmos/redPoint.png
  artifactKey: Guid(7ab653de870f5429398f1093bd6ba312) Importer(815301076,1909f56bfc062723c751e8b465ee728b)
Start importing Assets/Gizmos/redPoint.png using Guid(7ab653de870f5429398f1093bd6ba312) Importer(815301076,1909f56bfc062723c751e8b465ee728b)  -> (artifact id: 'c94ae9cfcef259419bdea6e33140abb5') in 0.012641 seconds
  Import took 0.015324 seconds .

========================================================================
Received Import Request.
  Time since last request: 5.719993 seconds.
  path: Assets/Components/Audio
  artifactKey: Guid(969de9ef7daf4884face648f59505aa4) Importer(815301076,1909f56bfc062723c751e8b465ee728b)
Start importing Assets/Components/Audio using Guid(969de9ef7daf4884face648f59505aa4) Importer(815301076,1909f56bfc062723c751e8b465ee728b)  -> (artifact id: '225e99e73b71045a91c0125f1e52c37b') in 0.037525 seconds
  Import took 0.041209 seconds .

========================================================================
Received Import Request.
  Time since last request: 0.042760 seconds.
  path: Assets/Components/Audio/ArcMove.wav
  artifactKey: Guid(5ed3ed0005eb13f4fac72c7587baa8bb) Importer(815301076,1909f56bfc062723c751e8b465ee728b)
Start importing Assets/Components/Audio/ArcMove.wav using Guid(5ed3ed0005eb13f4fac72c7587baa8bb) Importer(815301076,1909f56bfc062723c751e8b465ee728b)  -> (artifact id: '2832ddab57cbfc3508f6eeb1915c98a7') in 0.094512 seconds
  Import took 0.100685 seconds .

========================================================================
Received Import Request.
  Time since last request: 0.000241 seconds.
  path: Assets/Components/Audio/Rod_Slide_TWH.wav
  artifactKey: Guid(cafbf92ea88e0d241a2cafbebf6f05a0) Importer(815301076,1909f56bfc062723c751e8b465ee728b)
Start importing Assets/Components/Audio/Rod_Slide_TWH.wav using Guid(cafbf92ea88e0d241a2cafbebf6f05a0) Importer(815301076,1909f56bfc062723c751e8b465ee728b)  -> (artifact id: '2c898b797c9de2a80ed7436be72f47cb') in 0.011536 seconds
  Import took 0.014545 seconds .

========================================================================
Received Import Request.
  Time since last request: 0.000211 seconds.
  path: Assets/Components/Audio/MovePushHigh.wav
  artifactKey: Guid(b643449d1d655ef44bf93df8af60c3a7) Importer(815301076,1909f56bfc062723c751e8b465ee728b)
Start importing Assets/Components/Audio/MovePushHigh.wav using Guid(b643449d1d655ef44bf93df8af60c3a7) Importer(815301076,1909f56bfc062723c751e8b465ee728b)  -> (artifact id: '63a7a903575a14f5fd89f97d9cdf6ff7') in 0.014282 seconds
  Import took 0.017966 seconds .

========================================================================
Received Import Request.
  Time since last request: 0.000352 seconds.
  path: Assets/Components/Audio/Grid_Appears_TWH_2.wav
  artifactKey: Guid(e4fae5fd62757304da81da9f36d7c93a) Importer(815301076,1909f56bfc062723c751e8b465ee728b)
Start importing Assets/Components/Audio/Grid_Appears_TWH_2.wav using Guid(e4fae5fd62757304da81da9f36d7c93a) Importer(815301076,1909f56bfc062723c751e8b465ee728b)  -> (artifact id: '84a6127290658f5dfa6e06fa77a66e13') in 0.013539 seconds
  Import took 0.016383 seconds .

========================================================================
Received Import Request.
  Time since last request: 0.000275 seconds.
  path: Assets/Components/Audio/Grid_Despawns_TWH.wav
  artifactKey: Guid(b1d9250a005aa9242a47e60af6625236) Importer(815301076,1909f56bfc062723c751e8b465ee728b)
Start importing Assets/Components/Audio/Grid_Despawns_TWH.wav using Guid(b1d9250a005aa9242a47e60af6625236) Importer(815301076,1909f56bfc062723c751e8b465ee728b)  -> (artifact id: '409a131d10d75cfa3009cfc63d98c9f3') in 0.009929 seconds
  Import took 0.012848 seconds .

========================================================================
Received Import Request.
  Time since last request: 0.000174 seconds.
  path: Assets/Components/Audio/NodeRotate90.wav
  artifactKey: Guid(7f8a2d2e8d4cb824c9273f543597ab48) Importer(815301076,1909f56bfc062723c751e8b465ee728b)
Start importing Assets/Components/Audio/NodeRotate90.wav using Guid(7f8a2d2e8d4cb824c9273f543597ab48) Importer(815301076,1909f56bfc062723c751e8b465ee728b)  -> (artifact id: 'ace641e1109e1daf5e2ac47368bc9382') in 0.010250 seconds
  Import took 0.013531 seconds .

========================================================================
Received Import Request.
  Time since last request: 0.000177 seconds.
  path: Assets/Components/Audio/MovePushLow.wav
  artifactKey: Guid(2147988899c0aca469f711d5dc37f964) Importer(815301076,1909f56bfc062723c751e8b465ee728b)
Start importing Assets/Components/Audio/MovePushLow.wav using Guid(2147988899c0aca469f711d5dc37f964) Importer(815301076,1909f56bfc062723c751e8b465ee728b)  -> (artifact id: '31b8ebd404b7b50f65f4b16407a1547b') in 0.011033 seconds
  Import took 0.013774 seconds .

========================================================================
Received Import Request.
  Time since last request: 0.000191 seconds.
  path: Assets/Components/Audio/Rod_Slide_Med_TWH_2.wav
  artifactKey: Guid(655e2ed669c3bd84689e18a0e45f3db7) Importer(815301076,1909f56bfc062723c751e8b465ee728b)
Start importing Assets/Components/Audio/Rod_Slide_Med_TWH_2.wav using Guid(655e2ed669c3bd84689e18a0e45f3db7) Importer(815301076,1909f56bfc062723c751e8b465ee728b)  -> (artifact id: 'ba0d2481a69387d3ace0953542a27c57') in 0.010531 seconds
  Import took 0.013371 seconds .

========================================================================
Received Import Request.
  Time since last request: 0.000177 seconds.
  path: Assets/Components/Audio/GameStart.wav
  artifactKey: Guid(2a6c29b620db5ae4fa86e767d1a4f679) Importer(815301076,1909f56bfc062723c751e8b465ee728b)
Start importing Assets/Components/Audio/GameStart.wav using Guid(2a6c29b620db5ae4fa86e767d1a4f679) Importer(815301076,1909f56bfc062723c751e8b465ee728b)  -> (artifact id: 'edb003a3fc13bb6319dfa3bcf0e1c3b0') in 0.010620 seconds
  Import took 0.013843 seconds .

========================================================================
Received Import Request.
  Time since last request: 0.000243 seconds.
  path: Assets/Components/Audio/MovePullLow.wav
  artifactKey: Guid(d492c9888aa38e440beafa4f960352ba) Importer(815301076,1909f56bfc062723c751e8b465ee728b)
Start importing Assets/Components/Audio/MovePullLow.wav using Guid(d492c9888aa38e440beafa4f960352ba) Importer(815301076,1909f56bfc062723c751e8b465ee728b)  -> (artifact id: '6364d463161930034ce216c68dcae30f') in 0.009493 seconds
  Import took 0.012485 seconds .

========================================================================
Received Import Request.
  Time since last request: 0.000351 seconds.
  path: Assets/Components/Audio/Rod_Slide_Big_TWH_2.wav
  artifactKey: Guid(d908d22e7d3bdea49bccda5a0d016037) Importer(815301076,1909f56bfc062723c751e8b465ee728b)
Start importing Assets/Components/Audio/Rod_Slide_Big_TWH_2.wav using Guid(d908d22e7d3bdea49bccda5a0d016037) Importer(815301076,1909f56bfc062723c751e8b465ee728b)  -> (artifact id: '5c42ec056fa07deeeee15c8f0a9c01f3') in 0.009877 seconds
  Import took 0.013010 seconds .

========================================================================
Received Import Request.
  Time since last request: 0.000148 seconds.
  path: Assets/Components/Audio/WinBoard.wav
  artifactKey: Guid(ad24d8f50bcbaad4d857ed09750f0bf2) Importer(815301076,1909f56bfc062723c751e8b465ee728b)
Start importing Assets/Components/Audio/WinBoard.wav using Guid(ad24d8f50bcbaad4d857ed09750f0bf2) Importer(815301076,1909f56bfc062723c751e8b465ee728b)  -> (artifact id: '89e58c802bc3185efec0ca574c6f27a3') in 0.010715 seconds
  Import took 0.013865 seconds .

========================================================================
Received Import Request.
  Time since last request: 0.000204 seconds.
  path: Assets/Components/Audio/InvalidRotate.wav
  artifactKey: Guid(e85a20d4779a9d049a93b67f42ab5c73) Importer(815301076,1909f56bfc062723c751e8b465ee728b)
Start importing Assets/Components/Audio/InvalidRotate.wav using Guid(e85a20d4779a9d049a93b67f42ab5c73) Importer(815301076,1909f56bfc062723c751e8b465ee728b)  -> (artifact id: 'bf235ecead652d9b361bb41742e4f747') in 0.011845 seconds
  Import took 0.014904 seconds .

========================================================================
Received Import Request.
  Time since last request: 0.000203 seconds.
  path: Assets/Components/Audio/NodeLeave.wav
  artifactKey: Guid(fc65de03f947b22438bdf3b67d6fb49d) Importer(815301076,1909f56bfc062723c751e8b465ee728b)
Start importing Assets/Components/Audio/NodeLeave.wav using Guid(fc65de03f947b22438bdf3b67d6fb49d) Importer(815301076,1909f56bfc062723c751e8b465ee728b)  -> (artifact id: 'ebf8e1571168df9e029d06694cb65a22') in 0.009500 seconds
  Import took 0.012398 seconds .

========================================================================
Received Import Request.
  Time since last request: 0.000189 seconds.
  path: Assets/Components/Audio/MenuSelectWhoosh.wav
  artifactKey: Guid(6b5056aeae4729c469b111983d119c7e) Importer(815301076,1909f56bfc062723c751e8b465ee728b)
Start importing Assets/Components/Audio/MenuSelectWhoosh.wav using Guid(6b5056aeae4729c469b111983d119c7e) Importer(815301076,1909f56bfc062723c751e8b465ee728b)  -> (artifact id: '1e6de0c84170fd0aede42aeefdb42f19') in 0.011318 seconds
  Import took 0.014299 seconds .

========================================================================
Received Import Request.
  Time since last request: 0.000238 seconds.
  path: Assets/Components/Audio/MovePushMid.wav
  artifactKey: Guid(8b0ee85239c966b40b703c2ae8885896) Importer(815301076,1909f56bfc062723c751e8b465ee728b)
Start importing Assets/Components/Audio/MovePushMid.wav using Guid(8b0ee85239c966b40b703c2ae8885896) Importer(815301076,1909f56bfc062723c751e8b465ee728b)  -> (artifact id: '204007cd4db63ecfc736faffbfe9955b') in 0.009672 seconds
  Import took 0.012252 seconds .

========================================================================
Received Import Request.
  Time since last request: 0.000158 seconds.
  path: Assets/Components/Audio/Rod_Slide_Small_TWH_2.wav
  artifactKey: Guid(3234e519a192a39498a48f049c41e29d) Importer(815301076,1909f56bfc062723c751e8b465ee728b)
Start importing Assets/Components/Audio/Rod_Slide_Small_TWH_2.wav using Guid(3234e519a192a39498a48f049c41e29d) Importer(815301076,1909f56bfc062723c751e8b465ee728b)  -> (artifact id: '1516d164b5396ffe0c621971f24d2514') in 0.009831 seconds
  Import took 0.013147 seconds .

========================================================================
Received Import Request.
  Time since last request: 0.000200 seconds.
  path: Assets/Components/Audio/MovePullMid.wav
  artifactKey: Guid(7dd6ed29781e44c45a6d1600e7b4d112) Importer(815301076,1909f56bfc062723c751e8b465ee728b)
Start importing Assets/Components/Audio/MovePullMid.wav using Guid(7dd6ed29781e44c45a6d1600e7b4d112) Importer(815301076,1909f56bfc062723c751e8b465ee728b)  -> (artifact id: '31031c7ef66de04a223f8522e3fa8fdd') in 0.011146 seconds
  Import took 0.013832 seconds .

========================================================================
Received Import Request.
  Time since last request: 0.000163 seconds.
  path: Assets/Components/Audio/NodeEnter.wav
  artifactKey: Guid(ad89f0d5235680c47bcc361e777aad2b) Importer(815301076,1909f56bfc062723c751e8b465ee728b)
Start importing Assets/Components/Audio/NodeEnter.wav using Guid(ad89f0d5235680c47bcc361e777aad2b) Importer(815301076,1909f56bfc062723c751e8b465ee728b)  -> (artifact id: '0159256e4ed0b278dc2ddb0d46958da9') in 0.010744 seconds
  Import took 0.013706 seconds .

========================================================================
Received Import Request.
  Time since last request: 0.000203 seconds.
  path: Assets/Components/Audio/MovePullHigh.wav
  artifactKey: Guid(fef022fbebd86f34099812c2856721d9) Importer(815301076,1909f56bfc062723c751e8b465ee728b)
Start importing Assets/Components/Audio/MovePullHigh.wav using Guid(fef022fbebd86f34099812c2856721d9) Importer(815301076,1909f56bfc062723c751e8b465ee728b)  -> (artifact id: '057894bd90bfcf8b026f4fe4ff44aa66') in 0.010814 seconds
  Import took 0.013496 seconds .

========================================================================
Received Import Request.
  Time since last request: 0.000177 seconds.
  path: Assets/Components/Audio/Cube Spawn 05.wav
  artifactKey: Guid(118ff269d1a99334e9c75ddc51176db7) Importer(815301076,1909f56bfc062723c751e8b465ee728b)
Start importing Assets/Components/Audio/Cube Spawn 05.wav using Guid(118ff269d1a99334e9c75ddc51176db7) Importer(815301076,1909f56bfc062723c751e8b465ee728b)  -> (artifact id: 'c2fd86b113b05ed26aad09c7e39826cb') in 0.010943 seconds
  Import took 0.014598 seconds .

========================================================================
Received Import Request.
  Time since last request: 1.325127 seconds.
  path: Assets/Components/Audio/Music
  artifactKey: Guid(0694b2b371276684180fa413b98ecf4a) Importer(815301076,1909f56bfc062723c751e8b465ee728b)
Start importing Assets/Components/Audio/Music using Guid(0694b2b371276684180fa413b98ecf4a) Importer(815301076,1909f56bfc062723c751e8b465ee728b)  -> (artifact id: '11e668bbdd19e032cecf70cdc6543399') in 0.008392 seconds
  Import took 0.011569 seconds .

========================================================================
Received Import Request.
  Time since last request: 0.030474 seconds.
  path: Assets/Components/Audio/Music/LevelMusic_01_TWH.wav
  artifactKey: Guid(9a7845f8f8890bf43a313ee9e72233e3) Importer(815301076,1909f56bfc062723c751e8b465ee728b)
Start importing Assets/Components/Audio/Music/LevelMusic_01_TWH.wav using Guid(9a7845f8f8890bf43a313ee9e72233e3) Importer(815301076,1909f56bfc062723c751e8b465ee728b)  -> (artifact id: 'b08502414db657a7f22fa499c7f4bf1f') in 0.014113 seconds
  Import took 0.019180 seconds .

========================================================================
Received Import Request.
  Time since last request: 0.000206 seconds.
  path: Assets/Components/Audio/Music/Nodulus_Music03_Stems_Melodic_2017-08-25_TWH.wav
  artifactKey: Guid(9476755b1d54c3740a20cc3d0153ef83) Importer(815301076,1909f56bfc062723c751e8b465ee728b)
Start importing Assets/Components/Audio/Music/Nodulus_Music03_Stems_Melodic_2017-08-25_TWH.wav using Guid(9476755b1d54c3740a20cc3d0153ef83) Importer(815301076,1909f56bfc062723c751e8b465ee728b)  -> (artifact id: '2490f957bc155660189be9d9604a4e0f') in 0.010260 seconds
  Import took 0.013847 seconds .

========================================================================
Received Import Request.
  Time since last request: 0.000259 seconds.
  path: Assets/Components/Audio/Music/Nodulus_Music03_Stems_Atmos_2017-08-25_TWH.wav
  artifactKey: Guid(51486b974d5e4b44683454208a36aeba) Importer(815301076,1909f56bfc062723c751e8b465ee728b)
Start importing Assets/Components/Audio/Music/Nodulus_Music03_Stems_Atmos_2017-08-25_TWH.wav using Guid(51486b974d5e4b44683454208a36aeba) Importer(815301076,1909f56bfc062723c751e8b465ee728b)  -> (artifact id: '7be737295f438419025a99a3dd54895e') in 0.010721 seconds
  Import took 0.014378 seconds .

========================================================================
Received Import Request.
  Time since last request: 0.000146 seconds.
  path: Assets/Components/Audio/Music/Nodulus_Music03_2017-08-25_TWH.wav
  artifactKey: Guid(b46ba6d36fd4e664d80c6003084f8e4d) Importer(815301076,1909f56bfc062723c751e8b465ee728b)
Start importing Assets/Components/Audio/Music/Nodulus_Music03_2017-08-25_TWH.wav using Guid(b46ba6d36fd4e664d80c6003084f8e4d) Importer(815301076,1909f56bfc062723c751e8b465ee728b)  -> (artifact id: '79012ff70f3ed294ce410b7b1cfbc8dd') in 0.010055 seconds
  Import took 0.012820 seconds .

========================================================================
Received Import Request.
  Time since last request: 0.000162 seconds.
  path: Assets/Components/Audio/Music/Nodulus_Music01_2017-07-22_TravisWHendrix.wav
  artifactKey: Guid(073b49b4506ab0648bb8d3863bc15e14) Importer(815301076,1909f56bfc062723c751e8b465ee728b)
Start importing Assets/Components/Audio/Music/Nodulus_Music01_2017-07-22_TravisWHendrix.wav using Guid(073b49b4506ab0648bb8d3863bc15e14) Importer(815301076,1909f56bfc062723c751e8b465ee728b)  -> (artifact id: '02bc36a463bf23ecc04ac835aa2e18ed') in 0.009180 seconds
  Import took 0.012189 seconds .

========================================================================
Received Import Request.
  Time since last request: 0.000196 seconds.
  path: Assets/Components/Audio/Music/Nodulus_Music02_2017-07-22_TravisWHendrix.wav
  artifactKey: Guid(bf7a78d852cd68248ad5aa2ffe2b80d0) Importer(815301076,1909f56bfc062723c751e8b465ee728b)
Start importing Assets/Components/Audio/Music/Nodulus_Music02_2017-07-22_TravisWHendrix.wav using Guid(bf7a78d852cd68248ad5aa2ffe2b80d0) Importer(815301076,1909f56bfc062723c751e8b465ee728b)  -> (artifact id: '82bd5d13bad04f89b1bed485907bd7a2') in 0.010961 seconds
  Import took 0.013822 seconds .

========================================================================
Received Import Request.
  Time since last request: 6.981826 seconds.
  path: Assets/Components/Audio/misc/misc_menu_4.wav
  artifactKey: Guid(a5153ab55bc40274d98154e9f051121a) Importer(815301076,1909f56bfc062723c751e8b465ee728b)
Start importing Assets/Components/Audio/misc/misc_menu_4.wav using Guid(a5153ab55bc40274d98154e9f051121a) Importer(815301076,1909f56bfc062723c751e8b465ee728b)  -> (artifact id: '19fb189ae590694d06f77c0bdd03ca6f') in 0.014342 seconds
  Import took 0.017066 seconds .

========================================================================
Received Import Request.
  Time since last request: 0.000241 seconds.
  path: Assets/Components/Audio/misc/MovePush.wav
  artifactKey: Guid(501c6522258a5214b849f2720151e4e3) Importer(815301076,1909f56bfc062723c751e8b465ee728b)
Start importing Assets/Components/Audio/misc/MovePush.wav using Guid(501c6522258a5214b849f2720151e4e3) Importer(815301076,1909f56bfc062723c751e8b465ee728b)  -> (artifact id: 'dec2d8a6c53a5e2a84849af5ae90f2ae') in 0.010479 seconds
  Import took 0.013525 seconds .

========================================================================
Received Import Request.
  Time since last request: 0.000342 seconds.
  path: Assets/Components/Audio/misc/SmallHit.wav
  artifactKey: Guid(3b84e0024b469444eaa7eef5d215bb09) Importer(815301076,1909f56bfc062723c751e8b465ee728b)
Start importing Assets/Components/Audio/misc/SmallHit.wav using Guid(3b84e0024b469444eaa7eef5d215bb09) Importer(815301076,1909f56bfc062723c751e8b465ee728b)  -> (artifact id: '532d745661ce7fdfcde11b0244ba6a7f') in 0.013688 seconds
  Import took 0.016246 seconds .

========================================================================
Received Import Request.
  Time since last request: 0.000156 seconds.
  path: Assets/Components/Audio/misc/MovePull.wav
  artifactKey: Guid(d0a0dc2bddd78d04eb709e81e96c0aea) Importer(815301076,1909f56bfc062723c751e8b465ee728b)
Start importing Assets/Components/Audio/misc/MovePull.wav using Guid(d0a0dc2bddd78d04eb709e81e96c0aea) Importer(815301076,1909f56bfc062723c751e8b465ee728b)  -> (artifact id: 'f92a7dd0f988a462a0562f6244e658c3') in 0.010866 seconds
  Import took 0.013837 seconds .

========================================================================
Received Import Request.
  Time since last request: 0.000172 seconds.
  path: Assets/Components/Audio/misc/MoveInvalid.wav
  artifactKey: Guid(95cf29400354d1343abb21aa19095212) Importer(815301076,1909f56bfc062723c751e8b465ee728b)
Start importing Assets/Components/Audio/misc/MoveInvalid.wav using Guid(95cf29400354d1343abb21aa19095212) Importer(815301076,1909f56bfc062723c751e8b465ee728b)  -> (artifact id: '1bc434018d0c318bee4f7ed5816ca894') in 0.013020 seconds
  Import took 0.015854 seconds .

========================================================================
Received Import Request.
  Time since last request: 0.000277 seconds.
  path: Assets/Components/Audio/misc/misc_menu_4_02.wav
  artifactKey: Guid(b7da5109d8f617a46879edf8ba2d81c0) Importer(815301076,1909f56bfc062723c751e8b465ee728b)
Start importing Assets/Components/Audio/misc/misc_menu_4_02.wav using Guid(b7da5109d8f617a46879edf8ba2d81c0) Importer(815301076,1909f56bfc062723c751e8b465ee728b)  -> (artifact id: '5b8d5ef95742bd6b8a161ce038fc03ad') in 0.019073 seconds
  Import took 0.021755 seconds .

========================================================================
Received Prepare
Registering precompiled user dll's ...
Registered in 0.003586 seconds.
Begin MonoManager ReloadAssembly
Native extension for WindowsStandalone target not found
Refreshing native plugins compatible for Editor in 0.37 ms, found 0 plugins.
Preloading 0 native plugins for Editor in 0.00 ms.
Invoked RoslynAnalysisRunner static constructor.
RoslynAnalysisRunner will not be running.
RoslynAnalysisRunner has terminated.
Mono: successfully reloaded assembly
- Completed reload, in  0.544 seconds
Platform modules already initialized, skipping
Refreshing native plugins compatible for Editor in 0.61 ms, found 0 plugins.
Preloading 0 native plugins for Editor in 0.00 ms.
Unloading 1861 Unused Serialized files (Serialized files now loaded: 0)
System memory in use before: 85.8 MB.
System memory in use after: 85.9 MB.

Unloading 28 unused Assets to reduce memory usage. Loaded Objects now: 2333.
Total: 1.751700 ms (FindLiveObjects: 0.203200 ms CreateObjectMapping: 0.035900 ms MarkObjects: 1.493800 ms  DeleteObjects: 0.017900 ms)

AssetImportWorkerClient::OnTransportError - code=2 error=End of file
