Using pre-set license
Built from '2020.2/release' branch; Version is '2020.2.4f1 (becced5a802b) revision 12504301'; Using compiler version '192528614'; Build Type 'Release'
OS: 'Windows 10 Enterprise; OS build 26200.9550; Version 2009; 64bit' Language: 'es' Physical Memory: 16004 MB
BatchMode: 1, IsHumanControllingUs: 0, StartBugReporterOnCrash: 0, Is64bit: 1, IsPro: 0

 COMMAND LINE ARGUMENTS:
C:\Program Files\Unity\Hub\Editor\2020.2.4f1\Editor\Unity.exe
-adb2
-batchMode
-noUpm
-name
AssetImportWorker0
-projectPath
C:/Users/user/Videos/nodulus
-logFile
Logs/AssetImportWorker0.log
-srvPort
61518
Successfully changed project path to: C:/Users/user/Videos/nodulus
C:/Users/user/Videos/nodulus
Using Asset Import Pipeline V2.
Refreshing native plugins compatible for Editor in 54.62 ms, found 0 plugins.
Preloading 0 native plugins for Editor in 0.00 ms.
Initialize engine version: 2020.2.4f1 (becced5a802b)
[Subsystems] Discovering subsystems at path C:/Program Files/Unity/Hub/Editor/2020.2.4f1/Editor/Data/Resources/UnitySubsystems
[Subsystems] Discovering subsystems at path C:/Users/user/Videos/nodulus/Assets
GfxDevice: creating device client; threaded=0
Direct3D:
    Version:  Direct3D 11.0 [level 11.1]
    Renderer: NVIDIA GeForce RTX 3050 Laptop GPU (ID=0x25a2)
    Vendor:   
    VRAM:     3964 MB
    Driver:   32.0.15.8129
Initialize mono
Mono path[0] = 'C:/Program Files/Unity/Hub/Editor/2020.2.4f1/Editor/Data/Managed'
Mono path[1] = 'C:/Program Files/Unity/Hub/Editor/2020.2.4f1/Editor/Data/MonoBleedingEdge/lib/mono/unityjit'
Mono config path = 'C:/Program Files/Unity/Hub/Editor/2020.2.4f1/Editor/Data/MonoBleedingEdge/etc'
Using monoOptions --debugger-agent=transport=dt_socket,embedding=1,server=y,suspend=n,address=127.0.0.1:56868
Begin MonoManager ReloadAssembly
Registering precompiled unity dll's ...
Register platform support module: C:/Program Files/Unity/Hub/Editor/2020.2.4f1/Editor/Data/PlaybackEngines/WindowsStandaloneSupport/UnityEditor.WindowsStandalone.Extensions.dll
Registered in 0.003870 seconds.
Native extension for WindowsStandalone target not found
Refreshing native plugins compatible for Editor in 37.85 ms, found 0 plugins.
Preloading 0 native plugins for Editor in 0.00 ms.
Invoked RoslynAnalysisRunner static constructor.
RoslynAnalysisRunner will not be running.
RoslynAnalysisRunner has terminated.
Mono: successfully reloaded assembly
- Completed reload, in  2.148 seconds
Platform modules already initialized, skipping
Registering precompiled user dll's ...
Registered in 0.009642 seconds.
Begin MonoManager ReloadAssembly
Native extension for WindowsStandalone target not found
Refreshing native plugins compatible for Editor in 0.54 ms, found 0 plugins.
Preloading 0 native plugins for Editor in 0.00 ms.
Invoked RoslynAnalysisRunner static constructor.
RoslynAnalysisRunner will not be running.
RoslynAnalysisRunner has terminated.
Mono: successfully reloaded assembly
- Completed reload, in  0.859 seconds
Platform modules already initialized, skipping
========================================================================
Worker process is ready to serve import requests
Launched and connected shader compiler UnityShaderCompiler.exe after 0.08 seconds
Refreshing native plugins compatible for Editor in 0.43 ms, found 0 plugins.
Preloading 0 native plugins for Editor in 0.00 ms.
Unloading 1895 Unused Serialized files (Serialized files now loaded: 0)
System memory in use before: 84.6 MB.
System memory in use after: 84.7 MB.

Unloading 37 unused Assets to reduce memory usage. Loaded Objects now: 2321.
Total: 2.182600 ms (FindLiveObjects: 0.147500 ms CreateObjectMapping: 0.054800 ms MarkObjects: 1.896500 ms  DeleteObjects: 0.082600 ms)

========================================================================
Received Import Request.
  path: Assets/_Scenes
  artifactKey: Guid(f842dbd2420ec064fbd16009d6d49d55) Importer(815301076,1909f56bfc062723c751e8b465ee728b)
Start importing Assets/_Scenes using Guid(f842dbd2420ec064fbd16009d6d49d55) Importer(815301076,1909f56bfc062723c751e8b465ee728b)  -> (artifact id: 'f29f41e237973cbc828e069c01298a39') in 0.014689 seconds
  Import took 0.019795 seconds .

========================================================================
Received Import Request.
  Time since last request: 0.000770 seconds.
  path: Assets/_Scenes/NodulusGame.unity
  artifactKey: Guid(7100d625d5becc142b514703766c9e59) Importer(815301076,1909f56bfc062723c751e8b465ee728b)
Start importing Assets/_Scenes/NodulusGame.unity using Guid(7100d625d5becc142b514703766c9e59) Importer(815301076,1909f56bfc062723c751e8b465ee728b)  -> (artifact id: 'a4be80b0cb5d6a7d86ff42289697a989') in 0.025922 seconds
  Import took 0.029128 seconds .

========================================================================
Received Import Request.
  Time since last request: 142.550253 seconds.
  path: Assets/Scripts
  artifactKey: Guid(83aead9005a737748aac56b0c1c09e44) Importer(815301076,1909f56bfc062723c751e8b465ee728b)
Start importing Assets/Scripts using Guid(83aead9005a737748aac56b0c1c09e44) Importer(815301076,1909f56bfc062723c751e8b465ee728b)  -> (artifact id: 'b681d76110b7f4ee29a12b84b39b1c16') in 0.016969 seconds
  Import took 0.021532 seconds .

========================================================================
Received Import Request.
  Time since last request: 15.794712 seconds.
  path: Assets/Scripts/View
  artifactKey: Guid(6ba0ed6c01ac081448568b60a51cb04e) Importer(815301076,1909f56bfc062723c751e8b465ee728b)
Start importing Assets/Scripts/View using Guid(6ba0ed6c01ac081448568b60a51cb04e) Importer(815301076,1909f56bfc062723c751e8b465ee728b)  -> (artifact id: 'a45ce70279a71a13863f19bcb6fcf515') in 0.015409 seconds
  Import took 0.020800 seconds .

========================================================================
Received Prepare
Registering precompiled user dll's ...
Registered in 0.003069 seconds.
Begin MonoManager ReloadAssembly
Native extension for WindowsStandalone target not found
Refreshing native plugins compatible for Editor in 0.96 ms, found 0 plugins.
Preloading 0 native plugins for Editor in 0.00 ms.
Invoked RoslynAnalysisRunner static constructor.
RoslynAnalysisRunner will not be running.
RoslynAnalysisRunner has terminated.
Mono: successfully reloaded assembly
- Completed reload, in  1.691 seconds
Platform modules already initialized, skipping
Refreshing native plugins compatible for Editor in 0.68 ms, found 0 plugins.
Preloading 0 native plugins for Editor in 0.00 ms.
Unloading 1865 Unused Serialized files (Serialized files now loaded: 0)
System memory in use before: 82.4 MB.
System memory in use after: 82.5 MB.

Unloading 28 unused Assets to reduce memory usage. Loaded Objects now: 2324.
Total: 2.538100 ms (FindLiveObjects: 0.225700 ms CreateObjectMapping: 0.066400 ms MarkObjects: 2.201200 ms  DeleteObjects: 0.042900 ms)

========================================================================
Received Import Request.
  Time since last request: 204.347408 seconds.
  path: Assets/Scripts/View/Control/Procedural/ProceduralSynth.cs
  artifactKey: Guid(87d7b74f53b89fc4aa3347525bc98463) Importer(815301076,1909f56bfc062723c751e8b465ee728b)
Start importing Assets/Scripts/View/Control/Procedural/ProceduralSynth.cs using Guid(87d7b74f53b89fc4aa3347525bc98463) Importer(815301076,1909f56bfc062723c751e8b465ee728b)  -> (artifact id: '1305175e3b0b1f4d823253716c140fa6') in 0.088737 seconds
  Import took 0.092858 seconds .

========================================================================
Received Import Request.
  Time since last request: 13.394439 seconds.
  path: Assets/Scripts/View/Control/Procedural/AudioSettingsPanel.cs
  artifactKey: Guid(07bd624fbedc1f041aa059ddf89c9bb8) Importer(815301076,1909f56bfc062723c751e8b465ee728b)
Start importing Assets/Scripts/View/Control/Procedural/AudioSettingsPanel.cs using Guid(07bd624fbedc1f041aa059ddf89c9bb8) Importer(815301076,1909f56bfc062723c751e8b465ee728b)  -> (artifact id: 'c7cbef7f2bd599664d9c50232544fc01') in 0.015625 seconds
  Import took 0.018967 seconds .

========================================================================
Received Import Request.
  Time since last request: 0.001468 seconds.
  path: Assets/Scripts/View/Control/Procedural/AudioSettingsPanel.cs
  artifactKey: Guid(07bd624fbedc1f041aa059ddf89c9bb8) Importer(815301076,1909f56bfc062723c751e8b465ee728b)
Start importing Assets/Scripts/View/Control/Procedural/AudioSettingsPanel.cs using Guid(07bd624fbedc1f041aa059ddf89c9bb8) Importer(815301076,1909f56bfc062723c751e8b465ee728b)  -> (artifact id: 'c7cbef7f2bd599664d9c50232544fc01') in 0.003569 seconds
  Import took 0.006500 seconds .

========================================================================
Received Import Request.
  Time since last request: 1.811240 seconds.
  path: Assets/Scripts/View/Control/Procedural/ProceduralMusic.cs
  artifactKey: Guid(ca3864331a2ff5e42aafb7bbccbd14f2) Importer(815301076,1909f56bfc062723c751e8b465ee728b)
Start importing Assets/Scripts/View/Control/Procedural/ProceduralMusic.cs using Guid(ca3864331a2ff5e42aafb7bbccbd14f2) Importer(815301076,1909f56bfc062723c751e8b465ee728b)  -> (artifact id: '7a6d2785b35ad33f298d34a222d1ccab') in 0.019009 seconds
  Import took 0.022524 seconds .

========================================================================
Received Import Request.
  Time since last request: 0.000582 seconds.
  path: Assets/Scripts/View/Control/Procedural/ProceduralMusic.cs
  artifactKey: Guid(ca3864331a2ff5e42aafb7bbccbd14f2) Importer(815301076,1909f56bfc062723c751e8b465ee728b)
Start importing Assets/Scripts/View/Control/Procedural/ProceduralMusic.cs using Guid(ca3864331a2ff5e42aafb7bbccbd14f2) Importer(815301076,1909f56bfc062723c751e8b465ee728b)  -> (artifact id: '7a6d2785b35ad33f298d34a222d1ccab') in 0.003872 seconds
  Import took 0.008247 seconds .

========================================================================
Received Import Request.
  Time since last request: 159.966379 seconds.
  path: Assets/Components/Audio/GameStart.wav
  artifactKey: Guid(2a6c29b620db5ae4fa86e767d1a4f679) Importer(815301076,1909f56bfc062723c751e8b465ee728b)
Start importing Assets/Components/Audio/GameStart.wav using Guid(2a6c29b620db5ae4fa86e767d1a4f679) Importer(815301076,1909f56bfc062723c751e8b465ee728b)  -> (artifact id: 'eba29d11b0d21e3cfc60754b604d1da0') in 0.179568 seconds
  Import took 0.184228 seconds .

========================================================================
Received Import Request.
  Time since last request: 0.000354 seconds.
  path: Assets/Prefabs/Game/PuzzleGame.prefab
  artifactKey: Guid(17abc24b0011c58409250285c2ee0477) Importer(815301076,1909f56bfc062723c751e8b465ee728b)
Start importing Assets/Prefabs/Game/PuzzleGame.prefab using Guid(17abc24b0011c58409250285c2ee0477) Importer(815301076,1909f56bfc062723c751e8b465ee728b)  -> (artifact id: '59a72d2fbd56d43170a6355734e885df') in 0.135355 seconds
  Import took 0.139409 seconds .

========================================================================
Received Import Request.
  Time since last request: 2.142618 seconds.
  path: Assets/Scripts/View/Control/GameAudio.cs
  artifactKey: Guid(b232d9a1b0996124fb60ca0938238250) Importer(815301076,1909f56bfc062723c751e8b465ee728b)
Start importing Assets/Scripts/View/Control/GameAudio.cs using Guid(b232d9a1b0996124fb60ca0938238250) Importer(815301076,1909f56bfc062723c751e8b465ee728b)  -> (artifact id: '126058c784f69c8e5940b51a70262fbe') in 0.015715 seconds
  Import took 0.019663 seconds .

========================================================================
Received Prepare
Registering precompiled user dll's ...
Registered in 0.011227 seconds.
Begin MonoManager ReloadAssembly
Native extension for WindowsStandalone target not found
Refreshing native plugins compatible for Editor in 0.47 ms, found 0 plugins.
Preloading 0 native plugins for Editor in 0.00 ms.
Invoked RoslynAnalysisRunner static constructor.
RoslynAnalysisRunner will not be running.
RoslynAnalysisRunner has terminated.
Mono: successfully reloaded assembly
- Completed reload, in  0.834 seconds
Platform modules already initialized, skipping
Refreshing native plugins compatible for Editor in 0.49 ms, found 0 plugins.
Preloading 0 native plugins for Editor in 0.00 ms.
Unloading 1865 Unused Serialized files (Serialized files now loaded: 0)
System memory in use before: 85.7 MB.
System memory in use after: 85.8 MB.

Unloading 28 unused Assets to reduce memory usage. Loaded Objects now: 2338.
Total: 1.845500 ms (FindLiveObjects: 0.196800 ms CreateObjectMapping: 0.056500 ms MarkObjects: 1.563300 ms  DeleteObjects: 0.026200 ms)

========================================================================
Received Prepare
Registering precompiled user dll's ...
Registered in 0.003654 seconds.
Begin MonoManager ReloadAssembly
Native extension for WindowsStandalone target not found
Refreshing native plugins compatible for Editor in 0.51 ms, found 0 plugins.
Preloading 0 native plugins for Editor in 0.00 ms.
Invoked RoslynAnalysisRunner static constructor.
RoslynAnalysisRunner will not be running.
RoslynAnalysisRunner has terminated.
Mono: successfully reloaded assembly
- Completed reload, in  0.746 seconds
Platform modules already initialized, skipping
Refreshing native plugins compatible for Editor in 0.45 ms, found 0 plugins.
Preloading 0 native plugins for Editor in 0.00 ms.
Unloading 1865 Unused Serialized files (Serialized files now loaded: 0)
System memory in use before: 85.8 MB.
System memory in use after: 85.9 MB.

Unloading 28 unused Assets to reduce memory usage. Loaded Objects now: 2340.
Total: 2.186100 ms (FindLiveObjects: 0.199500 ms CreateObjectMapping: 0.050100 ms MarkObjects: 1.903200 ms  DeleteObjects: 0.031700 ms)

========================================================================
Received Import Request.
  Time since last request: 1289.528581 seconds.
  path: Assets/Components/Profiles/BeautifulPostProcessing.asset
  artifactKey: Guid(fcc3660e94276a04cae631e45a13f302) Importer(815301076,1909f56bfc062723c751e8b465ee728b)
Start importing Assets/Components/Profiles/BeautifulPostProcessing.asset using Guid(fcc3660e94276a04cae631e45a13f302) Importer(815301076,1909f56bfc062723c751e8b465ee728b)  -> (artifact id: '9c8574c5e7ac58a9b1f5c5120d6526ad') in 0.047546 seconds
  Import took 0.051620 seconds .

========================================================================
Received Import Request.
  Time since last request: 0.000382 seconds.
  path: Packages/com.unity.collab-proxy/Editor/Assets/Icons/collaborate-progress-light@2x.png
  artifactKey: Guid(ae9e7828f0813b04fbe3f839422b2289) Importer(815301076,1909f56bfc062723c751e8b465ee728b)
Start importing Packages/com.unity.collab-proxy/Editor/Assets/Icons/collaborate-progress-light@2x.png using Guid(ae9e7828f0813b04fbe3f839422b2289) Importer(815301076,1909f56bfc062723c751e8b465ee728b)  -> (artifact id: 'b0e737aae778f28fb87694c65f121114') in 0.069361 seconds
  Import took 0.073285 seconds .

========================================================================
Received Import Request.
  Time since last request: 0.000381 seconds.
  path: Assets/PostProcessing/Utilities/CustomMotionTexture/CustomMotionVectorDebugProfile.asset
  artifactKey: Guid(d982e879ff67b4d3fb6522d08c3cd5af) Importer(815301076,1909f56bfc062723c751e8b465ee728b)
Start importing Assets/PostProcessing/Utilities/CustomMotionTexture/CustomMotionVectorDebugProfile.asset using Guid(d982e879ff67b4d3fb6522d08c3cd5af) Importer(815301076,1909f56bfc062723c751e8b465ee728b)  -> (artifact id: 'b2b137331f9f9d68a971493204b74f54') in 0.016163 seconds
  Import took 0.020166 seconds .

========================================================================
Received Import Request.
  Time since last request: 0.000467 seconds.
  path: Packages/com.unity.collab-proxy/Editor/Assets/Icons/collaborate-progress-dark.png
  artifactKey: Guid(60706f973daf4764e81c846ce1a8e183) Importer(815301076,1909f56bfc062723c751e8b465ee728b)
Start importing Packages/com.unity.collab-proxy/Editor/Assets/Icons/collaborate-progress-dark.png using Guid(60706f973daf4764e81c846ce1a8e183) Importer(815301076,1909f56bfc062723c751e8b465ee728b)  -> (artifact id: '53242728ae5aaecef1f62abd47296c4b') in 0.030940 seconds
  Import took 0.035431 seconds .

========================================================================
Received Import Request.
  Time since last request: 0.000421 seconds.
  path: Assets/Components/Profiles/DefaultPostProcessing.asset
  artifactKey: Guid(082d77238a0e4554693aa413a970e2b2) Importer(815301076,1909f56bfc062723c751e8b465ee728b)
Start importing Assets/Components/Profiles/DefaultPostProcessing.asset using Guid(082d77238a0e4554693aa413a970e2b2) Importer(815301076,1909f56bfc062723c751e8b465ee728b)  -> (artifact id: '2ffb89ad27d62283bd7d1d9409e7b906') in 0.015867 seconds
  Import took 0.019250 seconds .

========================================================================
Received Import Request.
  Time since last request: 0.000313 seconds.
  path: Packages/com.unity.collab-proxy/Editor/Assets/Icons/collaborate-progress-light.png
  artifactKey: Guid(98eea3a123f8b4c468b7e43d0ff3c232) Importer(815301076,1909f56bfc062723c751e8b465ee728b)
Start importing Packages/com.unity.collab-proxy/Editor/Assets/Icons/collaborate-progress-light.png using Guid(98eea3a123f8b4c468b7e43d0ff3c232) Importer(815301076,1909f56bfc062723c751e8b465ee728b)  -> (artifact id: '748c9c0c3ec0dc759a3ab0ad67005838') in 0.019426 seconds
  Import took 0.022666 seconds .

========================================================================
Received Import Request.
  Time since last request: 0.000524 seconds.
  path: Packages/com.unity.collab-proxy/Editor/Assets/Icons/collaborate-progress-dark@2x.png
  artifactKey: Guid(116a8defb66aa304d97c1fd15f044486) Importer(815301076,1909f56bfc062723c751e8b465ee728b)
Start importing Packages/com.unity.collab-proxy/Editor/Assets/Icons/collaborate-progress-dark@2x.png using Guid(116a8defb66aa304d97c1fd15f044486) Importer(815301076,1909f56bfc062723c751e8b465ee728b)  -> (artifact id: 'a16ddc00ba6a2ca2ffbdabe328f3f5ff') in 0.021657 seconds
  Import took 0.026046 seconds .

========================================================================
Received Import Request.
  Time since last request: 10.503437 seconds.
  path: Assets/Scripts/View/Control/Procedural/ProceduralSfx.cs
  artifactKey: Guid(3628932c3dc32aa4c9dd85df8a745c4f) Importer(815301076,1909f56bfc062723c751e8b465ee728b)
Start importing Assets/Scripts/View/Control/Procedural/ProceduralSfx.cs using Guid(3628932c3dc32aa4c9dd85df8a745c4f) Importer(815301076,1909f56bfc062723c751e8b465ee728b)  -> (artifact id: '322a10249a4c8b735d7524778fab5684') in 0.016977 seconds
  Import took 0.020844 seconds .

========================================================================
Received Import Request.
  Time since last request: 0.000660 seconds.
  path: Assets/Scripts/View/Control/Procedural/ProceduralSfx.cs
  artifactKey: Guid(3628932c3dc32aa4c9dd85df8a745c4f) Importer(815301076,1909f56bfc062723c751e8b465ee728b)
Start importing Assets/Scripts/View/Control/Procedural/ProceduralSfx.cs using Guid(3628932c3dc32aa4c9dd85df8a745c4f) Importer(815301076,1909f56bfc062723c751e8b465ee728b)  -> (artifact id: '322a10249a4c8b735d7524778fab5684') in 0.004427 seconds
  Import took 0.007629 seconds .

========================================================================
Received Prepare
Registering precompiled user dll's ...
Registered in 0.003121 seconds.
Begin MonoManager ReloadAssembly
Native extension for WindowsStandalone target not found
Refreshing native plugins compatible for Editor in 0.53 ms, found 0 plugins.
Preloading 0 native plugins for Editor in 0.00 ms.
Invoked RoslynAnalysisRunner static constructor.
RoslynAnalysisRunner will not be running.
RoslynAnalysisRunner has terminated.
Mono: successfully reloaded assembly
- Completed reload, in  0.780 seconds
Platform modules already initialized, skipping
Refreshing native plugins compatible for Editor in 0.44 ms, found 0 plugins.
Preloading 0 native plugins for Editor in 0.00 ms.
Unloading 1865 Unused Serialized files (Serialized files now loaded: 0)
System memory in use before: 86.0 MB.
System memory in use after: 86.1 MB.

Unloading 28 unused Assets to reduce memory usage. Loaded Objects now: 2345.
Total: 2.045400 ms (FindLiveObjects: 0.213200 ms CreateObjectMapping: 0.056000 ms MarkObjects: 1.695900 ms  DeleteObjects: 0.077800 ms)

========================================================================
Received Import Request.
  Time since last request: 43.816907 seconds.
  path: Assets/Scripts/View/Control/Procedural/ProceduralSynth.cs
  artifactKey: Guid(87d7b74f53b89fc4aa3347525bc98463) Importer(815301076,1909f56bfc062723c751e8b465ee728b)
Start importing Assets/Scripts/View/Control/Procedural/ProceduralSynth.cs using Guid(87d7b74f53b89fc4aa3347525bc98463) Importer(815301076,1909f56bfc062723c751e8b465ee728b)  -> (artifact id: 'effcb8586d798beaa251f509db1f28c8') in 0.005813 seconds
  Import took 0.009464 seconds .

========================================================================
Received Import Request.
  Time since last request: 65.245488 seconds.
  path: Assets/Scripts/View/Control/Procedural/ProceduralSfx.cs
  artifactKey: Guid(3628932c3dc32aa4c9dd85df8a745c4f) Importer(815301076,1909f56bfc062723c751e8b465ee728b)
Start importing Assets/Scripts/View/Control/Procedural/ProceduralSfx.cs using Guid(3628932c3dc32aa4c9dd85df8a745c4f) Importer(815301076,1909f56bfc062723c751e8b465ee728b)  -> (artifact id: 'c5725417e3dccf8dabf16ef7d77cef6e') in 0.004929 seconds
  Import took 0.011273 seconds .

========================================================================
Received Import Request.
  Time since last request: 14.691620 seconds.
  path: Assets/Scripts/View/Control/Procedural/ProceduralMusic.cs
  artifactKey: Guid(ca3864331a2ff5e42aafb7bbccbd14f2) Importer(815301076,1909f56bfc062723c751e8b465ee728b)
Start importing Assets/Scripts/View/Control/Procedural/ProceduralMusic.cs using Guid(ca3864331a2ff5e42aafb7bbccbd14f2) Importer(815301076,1909f56bfc062723c751e8b465ee728b)  -> (artifact id: '45391ed89813e77210e2165b201891ed') in 0.002590 seconds
  Import took 0.008232 seconds .

========================================================================
Received Import Request.
  Time since last request: 27.885613 seconds.
  path: Packages/com.unity.xr.legacyinputhelpers/Runtime/LegacyInputHelpers.asmdef
  artifactKey: Guid(28c5e819ece8a0746abb16dc5aa91f44) Importer(815301076,1909f56bfc062723c751e8b465ee728b)
Start importing Packages/com.unity.xr.legacyinputhelpers/Runtime/LegacyInputHelpers.asmdef using Guid(28c5e819ece8a0746abb16dc5aa91f44) Importer(815301076,1909f56bfc062723c751e8b465ee728b)  -> (artifact id: '2b4bb5e8e5fb13033163edf200f33e66') in 0.020681 seconds
  Import took 0.024845 seconds .

========================================================================
Received Import Request.
  Time since last request: 0.000291 seconds.
  path: Assets/Components/Materials/NavigationBarMaterial.mat
  artifactKey: Guid(310513d1f5a207d459c57e5113ec9870) Importer(815301076,1909f56bfc062723c751e8b465ee728b)
Start importing Assets/Components/Materials/NavigationBarMaterial.mat using Guid(310513d1f5a207d459c57e5113ec9870) Importer(815301076,1909f56bfc062723c751e8b465ee728b)  -> (artifact id: 'acec4fc45aff6e9d9a6a0b029da2dd99') in 0.176398 seconds
  Import took 0.180233 seconds .

========================================================================
Received Import Request.
  Time since last request: 0.000376 seconds.
  path: Packages/com.unity.xr.legacyinputhelpers/Tests/Editor/LegacyInputHelpersEditorTests.asmdef
  artifactKey: Guid(559bcbd55c770ea4d959cfdb857c39a5) Importer(815301076,1909f56bfc062723c751e8b465ee728b)
Start importing Packages/com.unity.xr.legacyinputhelpers/Tests/Editor/LegacyInputHelpersEditorTests.asmdef using Guid(559bcbd55c770ea4d959cfdb857c39a5) Importer(815301076,1909f56bfc062723c751e8b465ee728b)  -> (artifact id: 'a6f92d98d6f3fd033df2b7ac1614a7fe') in 0.014785 seconds
  Import took 0.019089 seconds .

========================================================================
Received Import Request.
  Time since last request: 0.000272 seconds.
  path: Packages/com.unity.xr.legacyinputhelpers/Editor/LegacyInputHelpersEditor.asmdef
  artifactKey: Guid(52c867deb3832554c84dc4202bd47258) Importer(815301076,1909f56bfc062723c751e8b465ee728b)
Start importing Packages/com.unity.xr.legacyinputhelpers/Editor/LegacyInputHelpersEditor.asmdef using Guid(52c867deb3832554c84dc4202bd47258) Importer(815301076,1909f56bfc062723c751e8b465ee728b)  -> (artifact id: 'd190296e7e90803bd6d8d890938c025c') in 0.014532 seconds
  Import took 0.018499 seconds .

========================================================================
Received Import Request.
  Time since last request: 12.516557 seconds.
  path: Assets/Scripts/View/Control/GameAudio.cs
  artifactKey: Guid(b232d9a1b0996124fb60ca0938238250) Importer(815301076,1909f56bfc062723c751e8b465ee728b)
Start importing Assets/Scripts/View/Control/GameAudio.cs using Guid(b232d9a1b0996124fb60ca0938238250) Importer(815301076,1909f56bfc062723c751e8b465ee728b)  -> (artifact id: '722541ca76b887677130985931d0d2d5') in 0.002855 seconds
  Import took 0.006116 seconds .

========================================================================
Received Import Request.
  Time since last request: 296.102661 seconds.
  path: Assets/Scripts/View/Control/GameAudio.cs
  artifactKey: Guid(b232d9a1b0996124fb60ca0938238250) Importer(815301076,1909f56bfc062723c751e8b465ee728b)
Start importing Assets/Scripts/View/Control/GameAudio.cs using Guid(b232d9a1b0996124fb60ca0938238250) Importer(815301076,1909f56bfc062723c751e8b465ee728b)  -> (artifact id: 'cdb8fd3dda4c3cb761b4c7229ad180d3') in 0.003941 seconds
  Import took 0.010798 seconds .

========================================================================
Received Import Request.
  Time since last request: 155.375540 seconds.
  path: Assets/Scripts/View/Control
  artifactKey: Guid(a994698299415d146a3dc72be5ff5bd8) Importer(815301076,1909f56bfc062723c751e8b465ee728b)
Start importing Assets/Scripts/View/Control using Guid(a994698299415d146a3dc72be5ff5bd8) Importer(815301076,1909f56bfc062723c751e8b465ee728b)  -> (artifact id: 'bbd908aad82d41da6268fdc6f737faad') in 0.021780 seconds
  Import took 0.026807 seconds .

========================================================================
Received Import Request.
  Time since last request: 1.973694 seconds.
  path: Assets/Scripts/View/Control/Procedural
  artifactKey: Guid(e0b5ed9c91128bd4abe486a2e8ee5ce4) Importer(815301076,1909f56bfc062723c751e8b465ee728b)
Start importing Assets/Scripts/View/Control/Procedural using Guid(e0b5ed9c91128bd4abe486a2e8ee5ce4) Importer(815301076,1909f56bfc062723c751e8b465ee728b)  -> (artifact id: '3dc9259bc6de9d7d0258cc71ee5791ff') in 0.019279 seconds
  Import took 0.024189 seconds .

========================================================================
Received Import Request.
  Time since last request: 23.434386 seconds.
  path: Assets/Scripts/View/Control/GameAudio.cs
  artifactKey: Guid(b232d9a1b0996124fb60ca0938238250) Importer(815301076,1909f56bfc062723c751e8b465ee728b)
Start importing Assets/Scripts/View/Control/GameAudio.cs using Guid(b232d9a1b0996124fb60ca0938238250) Importer(815301076,1909f56bfc062723c751e8b465ee728b)  -> (artifact id: '9ca53fa9d76524a868e0db907897f01a') in 0.003794 seconds
  Import took 0.007604 seconds .

========================================================================
Received Import Request.
  Time since last request: 25.880696 seconds.
  path: Assets/Scripts/View/Control/GameAudio.cs
  artifactKey: Guid(b232d9a1b0996124fb60ca0938238250) Importer(815301076,1909f56bfc062723c751e8b465ee728b)
Start importing Assets/Scripts/View/Control/GameAudio.cs using Guid(b232d9a1b0996124fb60ca0938238250) Importer(815301076,1909f56bfc062723c751e8b465ee728b)  -> (artifact id: '05177e464316d5abc280a607c0fa2152') in 0.005500 seconds
  Import took 0.010656 seconds .

========================================================================
Received Import Request.
  Time since last request: 45.592570 seconds.
  path: Assets/Scripts/View/Control/GameAudio.cs
  artifactKey: Guid(b232d9a1b0996124fb60ca0938238250) Importer(815301076,1909f56bfc062723c751e8b465ee728b)
Start importing Assets/Scripts/View/Control/GameAudio.cs using Guid(b232d9a1b0996124fb60ca0938238250) Importer(815301076,1909f56bfc062723c751e8b465ee728b)  -> (artifact id: 'f7861032e615921a5b125e563d380fc8') in 0.004050 seconds
  Import took 0.008099 seconds .

========================================================================
Received Import Request.
  Time since last request: 29.125588 seconds.
  path: Assets/Scripts/View/Control/Procedural/ProceduralSfx.cs
  artifactKey: Guid(3628932c3dc32aa4c9dd85df8a745c4f) Importer(815301076,1909f56bfc062723c751e8b465ee728b)
Start importing Assets/Scripts/View/Control/Procedural/ProceduralSfx.cs using Guid(3628932c3dc32aa4c9dd85df8a745c4f) Importer(815301076,1909f56bfc062723c751e8b465ee728b)  -> (artifact id: '20b551dcbe8b05a51bedf3b3d8c2c7b3') in 0.004113 seconds
  Import took 0.008795 seconds .

========================================================================
Received Prepare
Registering precompiled user dll's ...
Registered in 0.003058 seconds.
Begin MonoManager ReloadAssembly
Native extension for WindowsStandalone target not found
Refreshing native plugins compatible for Editor in 0.46 ms, found 0 plugins.
Preloading 0 native plugins for Editor in 0.00 ms.
Invoked RoslynAnalysisRunner static constructor.
RoslynAnalysisRunner will not be running.
RoslynAnalysisRunner has terminated.
Mono: successfully reloaded assembly
- Completed reload, in  0.738 seconds
Platform modules already initialized, skipping
Refreshing native plugins compatible for Editor in 0.58 ms, found 0 plugins.
Preloading 0 native plugins for Editor in 0.00 ms.
Unloading 1865 Unused Serialized files (Serialized files now loaded: 0)
System memory in use before: 86.3 MB.
System memory in use after: 86.4 MB.

Unloading 28 unused Assets to reduce memory usage. Loaded Objects now: 2381.
Total: 1.935900 ms (FindLiveObjects: 0.199600 ms CreateObjectMapping: 0.048200 ms MarkObjects: 1.661400 ms  DeleteObjects: 0.024700 ms)

========================================================================
Received Import Request.
  Time since last request: 11.473968 seconds.
  path: Assets/Scripts/View/Control/Procedural/ProceduralSfx.cs
  artifactKey: Guid(3628932c3dc32aa4c9dd85df8a745c4f) Importer(815301076,1909f56bfc062723c751e8b465ee728b)
Start importing Assets/Scripts/View/Control/Procedural/ProceduralSfx.cs using Guid(3628932c3dc32aa4c9dd85df8a745c4f) Importer(815301076,1909f56bfc062723c751e8b465ee728b)  -> (artifact id: '08a3fc00145a7601c803aee5ab4d46ff') in 0.007421 seconds
  Import took 0.011871 seconds .

========================================================================
Received Prepare
Registering precompiled user dll's ...
Registered in 0.003477 seconds.
Begin MonoManager ReloadAssembly
Native extension for WindowsStandalone target not found
Refreshing native plugins compatible for Editor in 0.52 ms, found 0 plugins.
Preloading 0 native plugins for Editor in 0.00 ms.
Invoked RoslynAnalysisRunner static constructor.
RoslynAnalysisRunner will not be running.
RoslynAnalysisRunner has terminated.
Mono: successfully reloaded assembly
- Completed reload, in  0.768 seconds
Platform modules already initialized, skipping
Refreshing native plugins compatible for Editor in 0.46 ms, found 0 plugins.
Preloading 0 native plugins for Editor in 0.00 ms.
Unloading 1865 Unused Serialized files (Serialized files now loaded: 0)
System memory in use before: 86.3 MB.
System memory in use after: 86.4 MB.

Unloading 28 unused Assets to reduce memory usage. Loaded Objects now: 2383.
Total: 1.868400 ms (FindLiveObjects: 0.165900 ms CreateObjectMapping: 0.043500 ms MarkObjects: 1.632900 ms  DeleteObjects: 0.024800 ms)

========================================================================
Received Prepare
Registering precompiled user dll's ...
Registered in 0.011142 seconds.
Begin MonoManager ReloadAssembly
Native extension for WindowsStandalone target not found
Refreshing native plugins compatible for Editor in 0.45 ms, found 0 plugins.
Preloading 0 native plugins for Editor in 0.00 ms.
Invoked RoslynAnalysisRunner static constructor.
RoslynAnalysisRunner will not be running.
RoslynAnalysisRunner has terminated.
Mono: successfully reloaded assembly
- Completed reload, in  0.861 seconds
Platform modules already initialized, skipping
Refreshing native plugins compatible for Editor in 0.54 ms, found 0 plugins.
Preloading 0 native plugins for Editor in 0.00 ms.
Unloading 1865 Unused Serialized files (Serialized files now loaded: 0)
System memory in use before: 86.3 MB.
System memory in use after: 86.4 MB.

Unloading 28 unused Assets to reduce memory usage. Loaded Objects now: 2385.
Total: 1.905800 ms (FindLiveObjects: 0.261500 ms CreateObjectMapping: 0.061200 ms MarkObjects: 1.555400 ms  DeleteObjects: 0.025800 ms)

========================================================================
Received Prepare
Registering precompiled user dll's ...
Registered in 0.003582 seconds.
Begin MonoManager ReloadAssembly
Native extension for WindowsStandalone target not found
Refreshing native plugins compatible for Editor in 0.48 ms, found 0 plugins.
Preloading 0 native plugins for Editor in 0.00 ms.
Invoked RoslynAnalysisRunner static constructor.
RoslynAnalysisRunner will not be running.
RoslynAnalysisRunner has terminated.
Mono: successfully reloaded assembly
- Completed reload, in  0.795 seconds
Platform modules already initialized, skipping
Refreshing native plugins compatible for Editor in 0.53 ms, found 0 plugins.
Preloading 0 native plugins for Editor in 0.00 ms.
Unloading 1865 Unused Serialized files (Serialized files now loaded: 0)
System memory in use before: 86.3 MB.
System memory in use after: 86.4 MB.

Unloading 28 unused Assets to reduce memory usage. Loaded Objects now: 2387.
Total: 1.833800 ms (FindLiveObjects: 0.161400 ms CreateObjectMapping: 0.042700 ms MarkObjects: 1.601300 ms  DeleteObjects: 0.026900 ms)

========================================================================
Received Prepare
Registering precompiled user dll's ...
Registered in 0.005365 seconds.
Begin MonoManager ReloadAssembly
Native extension for WindowsStandalone target not found
Refreshing native plugins compatible for Editor in 0.77 ms, found 0 plugins.
Preloading 0 native plugins for Editor in 0.00 ms.
Invoked RoslynAnalysisRunner static constructor.
RoslynAnalysisRunner will not be running.
RoslynAnalysisRunner has terminated.
Mono: successfully reloaded assembly
- Completed reload, in  1.130 seconds
Platform modules already initialized, skipping
Refreshing native plugins compatible for Editor in 0.92 ms, found 0 plugins.
Preloading 0 native plugins for Editor in 0.00 ms.
Unloading 1865 Unused Serialized files (Serialized files now loaded: 0)
System memory in use before: 86.3 MB.
System memory in use after: 86.5 MB.

Unloading 28 unused Assets to reduce memory usage. Loaded Objects now: 2389.
Total: 2.663000 ms (FindLiveObjects: 0.221900 ms CreateObjectMapping: 0.051000 ms MarkObjects: 2.348800 ms  DeleteObjects: 0.038900 ms)

========================================================================
Received Prepare
Registering precompiled user dll's ...
Registered in 0.004204 seconds.
Begin MonoManager ReloadAssembly
Native extension for WindowsStandalone target not found
Refreshing native plugins compatible for Editor in 0.48 ms, found 0 plugins.
Preloading 0 native plugins for Editor in 0.00 ms.
Invoked RoslynAnalysisRunner static constructor.
RoslynAnalysisRunner will not be running.
RoslynAnalysisRunner has terminated.
Mono: successfully reloaded assembly
- Completed reload, in  0.792 seconds
Platform modules already initialized, skipping
Refreshing native plugins compatible for Editor in 0.51 ms, found 0 plugins.
Preloading 0 native plugins for Editor in 0.00 ms.
Unloading 1865 Unused Serialized files (Serialized files now loaded: 0)
System memory in use before: 86.3 MB.
System memory in use after: 86.5 MB.

Unloading 28 unused Assets to reduce memory usage. Loaded Objects now: 2391.
Total: 2.738100 ms (FindLiveObjects: 0.204000 ms CreateObjectMapping: 0.047400 ms MarkObjects: 2.447900 ms  DeleteObjects: 0.035400 ms)

========================================================================
Received Prepare
Registering precompiled user dll's ...
Registered in 0.004684 seconds.
Begin MonoManager ReloadAssembly
Native extension for WindowsStandalone target not found
Refreshing native plugins compatible for Editor in 0.44 ms, found 0 plugins.
Preloading 0 native plugins for Editor in 0.00 ms.
Invoked RoslynAnalysisRunner static constructor.
RoslynAnalysisRunner will not be running.
RoslynAnalysisRunner has terminated.
Mono: successfully reloaded assembly
- Completed reload, in  0.788 seconds
Platform modules already initialized, skipping
Refreshing native plugins compatible for Editor in 0.44 ms, found 0 plugins.
Preloading 0 native plugins for Editor in 0.00 ms.
Unloading 1865 Unused Serialized files (Serialized files now loaded: 0)
System memory in use before: 86.4 MB.
System memory in use after: 86.5 MB.

Unloading 28 unused Assets to reduce memory usage. Loaded Objects now: 2393.
Total: 1.793500 ms (FindLiveObjects: 0.183800 ms CreateObjectMapping: 0.112400 ms MarkObjects: 1.470800 ms  DeleteObjects: 0.025000 ms)

========================================================================
Received Prepare
Registering precompiled user dll's ...
Registered in 0.003009 seconds.
Begin MonoManager ReloadAssembly
Native extension for WindowsStandalone target not found
Refreshing native plugins compatible for Editor in 0.46 ms, found 0 plugins.
Preloading 0 native plugins for Editor in 0.00 ms.
Invoked RoslynAnalysisRunner static constructor.
RoslynAnalysisRunner will not be running.
RoslynAnalysisRunner has terminated.
Mono: successfully reloaded assembly
- Completed reload, in  0.779 seconds
Platform modules already initialized, skipping
Refreshing native plugins compatible for Editor in 0.44 ms, found 0 plugins.
Preloading 0 native plugins for Editor in 0.00 ms.
Unloading 1865 Unused Serialized files (Serialized files now loaded: 0)
System memory in use before: 86.4 MB.
System memory in use after: 86.5 MB.

Unloading 28 unused Assets to reduce memory usage. Loaded Objects now: 2395.
Total: 1.719400 ms (FindLiveObjects: 0.170100 ms CreateObjectMapping: 0.045600 ms MarkObjects: 1.476900 ms  DeleteObjects: 0.024900 ms)

========================================================================
Received Prepare
Registering precompiled user dll's ...
Registered in 0.005250 seconds.
Begin MonoManager ReloadAssembly
Native extension for WindowsStandalone target not found
Refreshing native plugins compatible for Editor in 0.53 ms, found 0 plugins.
Preloading 0 native plugins for Editor in 0.00 ms.
Invoked RoslynAnalysisRunner static constructor.
RoslynAnalysisRunner will not be running.
RoslynAnalysisRunner has terminated.
Mono: successfully reloaded assembly
- Completed reload, in  1.078 seconds
Platform modules already initialized, skipping
Refreshing native plugins compatible for Editor in 0.44 ms, found 0 plugins.
Preloading 0 native plugins for Editor in 0.00 ms.
Unloading 1865 Unused Serialized files (Serialized files now loaded: 0)
System memory in use before: 86.4 MB.
System memory in use after: 86.5 MB.

Unloading 28 unused Assets to reduce memory usage. Loaded Objects now: 2397.
Total: 4.244700 ms (FindLiveObjects: 0.363500 ms CreateObjectMapping: 0.337500 ms MarkObjects: 3.461500 ms  DeleteObjects: 0.079600 ms)

AssetImportWorkerClient::OnTransportError - code=2 error=End of file
